{
  "contract": "compliance-report.v1",
  "methodology_id": "AR-AMS0007",
  "inputs_hash": "PLACEHOLDER",
  "summary": { "status": "WARN", "area_ha": 0, "risk_score": 0 },
  "findings": []
}
